============================= test session starts =============================
platform win32 -- Python 3.11.9, pytest-9.0.3, pluggy-1.6.0
rootdir: C:\Users\arger\code\algo
configfile: pyproject.toml
collected 1043 items

tests\api\test_null_sanitization.py .........                            [  0%]
tests\edge_cases\test_edge_cases.py ...                                  [  1%]
tests\integration\test_cognito_endpoints.py ..................ss         [  3%]
tests\integration\test_error_response_format.py ........................ [  5%]
..                                                                       [  5%]
tests\integration\test_integration.py ...                                [  5%]
tests\test_503_cache_refresh.py .                                        [  5%]
tests\test_503_fallback.py ....                                          [  6%]
tests\test_503_integration.py ...                                        [  6%]
tests\test_api_response_consistency.py .............                     [  7%]
tests\test_circuit_breaker_contract.py .........                         [  8%]
tests\test_config_startup_validation.py ..........................       [ 11%]
tests\test_credential_manager_fixes.py ........                          [ 11%]
tests\test_dashboard_error_handling.py ...........                       [ 13%]
tests\test_dashboard_exposure_hardening.py .....................         [ 15%]
tests\test_dashboard_malformed_data.py .............                     [ 16%]
tests\test_dashboard_panel_strict_validation.py .......                  [ 16%]
tests\test_data_extraction_errors.py ...............                     [ 18%]
tests\test_data_patrol_modular.py ........                               [ 19%]
tests\test_data_unavailable_propagation.py ..................            [ 20%]
tests\test_error_standardization_suite.py .........................      [ 23%]
tests\test_fail_fast_finance_validation.py ............................. [ 26%]
............                                                             [ 27%]
tests\test_fail_fast_patterns.py ....s.......                            [ 28%]
tests\test_fallback_fixes.py ...............................             [ 31%]
tests\test_fetcher_strict_validation.py .......                          [ 32%]
tests\test_health_panel_helpers.py ..................................... [ 35%]
..................                                                       [ 37%]
tests\test_intraday_pipelines.py ......                                  [ 37%]
tests\test_loader_completeness_integration.py .....................      [ 39%]
tests\test_loader_end_to_end_scenario.py ..................              [ 41%]
tests\test_loader_hang_fix.py .....                                      [ 42%]
tests\test_malformed_data_downstream.py .........                        [ 42%]
tests\test_marker_compliance_comprehensive.py .............              [ 44%]
tests\test_market_health_fetchers_comprehensive.py .x..xXxxxxxxxxxX      [ 45%]
tests\test_market_metrics_fixes.py ...........                           [ 46%]
tests\test_market_panel.py ..........................                    [ 49%]
tests\test_mock_data_isolation.py ...........ss......                    [ 51%]
tests\test_phase_dependency_validation.py ...                            [ 51%]
tests\test_phase_executor_dependency_validation.py .....                 [ 51%]
tests\test_pooled_connections.py .....................                   [ 53%]
tests\test_property_based_malformed_data.py .............                [ 55%]
tests\test_rate_limiting.py ..........                                   [ 56%]
tests\test_scores_query_optimization.py ..                               [ 56%]
tests\test_stock_scores_marker_propagation.py ...                        [ 56%]
tests\test_strict_validation_error_detection.py ........................ [ 58%]
......                                                                   [ 59%]
tests\test_watermark_consolidation.py ..................                 [ 61%]
tests\unit\test_api_data_layer_stale_cache.py ...................        [ 62%]
tests\unit\test_api_validation_integration.py ............               [ 64%]
tests\unit\test_circuit_breaker.py ...............                       [ 65%]
tests\unit\test_cognito_auth.py ...........                              [ 66%]
tests\unit\test_dashboard_formatters.py ................................ [ 69%]
.......                                                                  [ 70%]
tests\unit\test_dashboard_panels_rendering.py ....................       [ 72%]
tests\unit\test_error_handling_consistency.py ..................         [ 74%]
tests\unit\test_execution_config_fallback.py ........                    [ 74%]
tests\unit\test_financial_calculations.py ..................s........s.. [ 77%]
.....................                                                    [ 79%]
tests\unit\test_infrastructure_config_validation.py .................... [ 81%]
..................                                                       [ 83%]
tests\unit\test_market_events_comprehensive.py ......................... [ 85%]
....                                                                     [ 86%]
tests\unit\test_monitoring_health_system.py ............................ [ 88%]
.........                                                                [ 89%]
tests\unit\test_orchestration_core.py ..............................     [ 92%]
tests\unit\test_phase_dependency_validation.py .....                     [ 93%]
tests\unit\test_production_readiness_schema_validation.py ...            [ 93%]
tests\unit\test_r_metrics_computation.py ....                            [ 93%]
tests\unit\test_response_validators.py ...............................   [ 96%]
tests\unit\test_retry_and_rate_limiting.py .......................       [ 98%]
tests\unit\test_schema_validation.py ............                        [100%]

============================== warnings summary ===============================
tests/test_scores_query_optimization.py::test_query_optimization
  C:\Users\arger\AppData\Local\Programs\Python\Python311\Lib\site-packages\_pytest\python.py:170: PytestReturnNotNoneWarning: Test functions should return None, but tests/test_scores_query_optimization.py::test_query_optimization returned <class 'bool'>.
  Did you mean to use `assert` instead of `return`?
  See https://docs.pytest.org/en/stable/how-to/assert.html#return-not-none for more information.
    warnings.warn(

tests/test_scores_query_optimization.py::test_endpoint_behavior
  C:\Users\arger\AppData\Local\Programs\Python\Python311\Lib\site-packages\_pytest\python.py:170: PytestReturnNotNoneWarning: Test functions should return None, but tests/test_scores_query_optimization.py::test_endpoint_behavior returned <class 'bool'>.
  Did you mean to use `assert` instead of `return`?
  See https://docs.pytest.org/en/stable/how-to/assert.html#return-not-none for more information.
    warnings.warn(

-- Docs: https://docs.pytest.org/en/stable/how-to/capture-warnings.html
= 1023 passed, 7 skipped, 11 xfailed, 2 xpassed, 2 warnings in 157.06s (0:02:37) =
